[2026-06-10 18:45:12 -0300] [297536] [INFO] Starting gunicorn 26.0.0
[2026-06-10 18:45:12 -0300] [297536] [INFO] Listening at: http://0.0.0.0:8040 (297536)
[2026-06-10 18:45:12 -0300] [297536] [INFO] Using worker: sync
[2026-06-10 18:45:12 -0300] [297610] [INFO] Booting worker with pid: 297610
[2026-06-10 18:45:12 -0300] [297611] [INFO] Booting worker with pid: 297611
[2026-06-10 18:45:12 -0300] [297613] [INFO] Booting worker with pid: 297613
[2026-06-10 18:45:13 -0300] [297536] [INFO] Control socket listening at /run/user/1000/gunicorn.ctl
[2026-06-10 18:48:22 -0300] [299866] [INFO] Starting gunicorn 26.0.0
[2026-06-10 18:48:22 -0300] [299866] [INFO] Listening at: http://0.0.0.0:8040 (299866)
[2026-06-10 18:48:22 -0300] [299866] [INFO] Using worker: sync
[2026-06-10 18:48:22 -0300] [299916] [INFO] Booting worker with pid: 299916
[2026-06-10 18:48:22 -0300] [299917] [INFO] Booting worker with pid: 299917
[2026-06-10 18:48:22 -0300] [299918] [INFO] Booting worker with pid: 299918
[2026-06-10 18:48:22 -0300] [299866] [INFO] Control socket listening at /run/user/1000/gunicorn.ctl
[2026-06-10 18:54:03 -0300] [303967] [INFO] Starting gunicorn 26.0.0
[2026-06-10 18:54:03 -0300] [303967] [INFO] Listening at: http://0.0.0.0:8040 (303967)
[2026-06-10 18:54:03 -0300] [303967] [INFO] Using worker: sync
[2026-06-10 18:54:03 -0300] [304020] [INFO] Booting worker with pid: 304020
[2026-06-10 18:54:03 -0300] [304021] [INFO] Booting worker with pid: 304021
[2026-06-10 18:54:03 -0300] [304022] [INFO] Booting worker with pid: 304022
[2026-06-10 18:54:03 -0300] [303967] [INFO] Control socket listening at /run/user/1000/gunicorn.ctl
[2026-06-10 18:54:05,370] ERROR in app: Exception on /bonus [GET]
Traceback (most recent call last):
  File "/home/gvieira/GithubSofa/sofalao/venv/lib/python3.11/site-packages/flask/app.py", line 1511, in wsgi_app
    response = self.full_dispatch_request()
               ^^^^^^^^^^^^^^^^^^^^^^^^^^^^
  File "/home/gvieira/GithubSofa/sofalao/venv/lib/python3.11/site-packages/flask/app.py", line 919, in full_dispatch_request
    rv = self.handle_user_exception(e)
         ^^^^^^^^^^^^^^^^^^^^^^^^^^^^^
  File "/home/gvieira/GithubSofa/sofalao/venv/lib/python3.11/site-packages/flask/app.py", line 917, in full_dispatch_request
    rv = self.dispatch_request()
         ^^^^^^^^^^^^^^^^^^^^^^^
  File "/home/gvieira/GithubSofa/sofalao/venv/lib/python3.11/site-packages/flask/app.py", line 902, in dispatch_request
    return self.ensure_sync(self.view_functions[rule.endpoint])(**view_args)  # type: ignore[no-any-return]
           ^^^^^^^^^^^^^^^^^^^^^^^^^^^^^^^^^^^^^^^^^^^^^^^^^^^^^^^^^^^^^^^^^
  File "/home/gvieira/GithubSofa/sofalao/app.py", line 296, in wrapper
    return fn(*a, **kw)
           ^^^^^^^^^^^^
  File "/home/gvieira/GithubSofa/sofalao/app.py", line 505, in bonus
    (user["id"],)).fetchone()
     ~~~~^^^^^^
TypeError: 'NoneType' object is not subscriptable
[2026-06-10 18:54:06,005] ERROR in app: Exception on /bonus [GET]
Traceback (most recent call last):
  File "/home/gvieira/GithubSofa/sofalao/venv/lib/python3.11/site-packages/flask/app.py", line 1511, in wsgi_app
    response = self.full_dispatch_request()
               ^^^^^^^^^^^^^^^^^^^^^^^^^^^^
  File "/home/gvieira/GithubSofa/sofalao/venv/lib/python3.11/site-packages/flask/app.py", line 919, in full_dispatch_request
    rv = self.handle_user_exception(e)
         ^^^^^^^^^^^^^^^^^^^^^^^^^^^^^
  File "/home/gvieira/GithubSofa/sofalao/venv/lib/python3.11/site-packages/flask/app.py", line 917, in full_dispatch_request
    rv = self.dispatch_request()
         ^^^^^^^^^^^^^^^^^^^^^^^
  File "/home/gvieira/GithubSofa/sofalao/venv/lib/python3.11/site-packages/flask/app.py", line 902, in dispatch_request
    return self.ensure_sync(self.view_functions[rule.endpoint])(**view_args)  # type: ignore[no-any-return]
           ^^^^^^^^^^^^^^^^^^^^^^^^^^^^^^^^^^^^^^^^^^^^^^^^^^^^^^^^^^^^^^^^^
  File "/home/gvieira/GithubSofa/sofalao/app.py", line 296, in wrapper
    return fn(*a, **kw)
           ^^^^^^^^^^^^
  File "/home/gvieira/GithubSofa/sofalao/app.py", line 505, in bonus
    (user["id"],)).fetchone()
     ~~~~^^^^^^
TypeError: 'NoneType' object is not subscriptable
[2026-06-10 18:54:08,853] ERROR in app: Exception on / [GET]
Traceback (most recent call last):
  File "/home/gvieira/GithubSofa/sofalao/venv/lib/python3.11/site-packages/flask/app.py", line 1511, in wsgi_app
    response = self.full_dispatch_request()
               ^^^^^^^^^^^^^^^^^^^^^^^^^^^^
  File "/home/gvieira/GithubSofa/sofalao/venv/lib/python3.11/site-packages/flask/app.py", line 919, in full_dispatch_request
    rv = self.handle_user_exception(e)
         ^^^^^^^^^^^^^^^^^^^^^^^^^^^^^
  File "/home/gvieira/GithubSofa/sofalao/venv/lib/python3.11/site-packages/flask/app.py", line 917, in full_dispatch_request
    rv = self.dispatch_request()
         ^^^^^^^^^^^^^^^^^^^^^^^
  File "/home/gvieira/GithubSofa/sofalao/venv/lib/python3.11/site-packages/flask/app.py", line 902, in dispatch_request
    return self.ensure_sync(self.view_functions[rule.endpoint])(**view_args)  # type: ignore[no-any-return]
           ^^^^^^^^^^^^^^^^^^^^^^^^^^^^^^^^^^^^^^^^^^^^^^^^^^^^^^^^^^^^^^^^^
  File "/home/gvieira/GithubSofa/sofalao/app.py", line 296, in wrapper
    return fn(*a, **kw)
           ^^^^^^^^^^^^
  File "/home/gvieira/GithubSofa/sofalao/app.py", line 433, in matches
    "SELECT * FROM predictions WHERE user_id=?", (user["id"],))}
                                                  ~~~~^^^^^^
TypeError: 'NoneType' object is not subscriptable
[2026-06-10 18:54:10,476] ERROR in app: Exception on / [GET]
Traceback (most recent call last):
  File "/home/gvieira/GithubSofa/sofalao/venv/lib/python3.11/site-packages/flask/app.py", line 1511, in wsgi_app
    response = self.full_dispatch_request()
               ^^^^^^^^^^^^^^^^^^^^^^^^^^^^
  File "/home/gvieira/GithubSofa/sofalao/venv/lib/python3.11/site-packages/flask/app.py", line 919, in full_dispatch_request
    rv = self.handle_user_exception(e)
         ^^^^^^^^^^^^^^^^^^^^^^^^^^^^^
  File "/home/gvieira/GithubSofa/sofalao/venv/lib/python3.11/site-packages/flask/app.py", line 917, in full_dispatch_request
    rv = self.dispatch_request()
         ^^^^^^^^^^^^^^^^^^^^^^^
  File "/home/gvieira/GithubSofa/sofalao/venv/lib/python3.11/site-packages/flask/app.py", line 902, in dispatch_request
    return self.ensure_sync(self.view_functions[rule.endpoint])(**view_args)  # type: ignore[no-any-return]
           ^^^^^^^^^^^^^^^^^^^^^^^^^^^^^^^^^^^^^^^^^^^^^^^^^^^^^^^^^^^^^^^^^
  File "/home/gvieira/GithubSofa/sofalao/app.py", line 296, in wrapper
    return fn(*a, **kw)
           ^^^^^^^^^^^^
  File "/home/gvieira/GithubSofa/sofalao/app.py", line 433, in matches
    "SELECT * FROM predictions WHERE user_id=?", (user["id"],))}
                                                  ~~~~^^^^^^
TypeError: 'NoneType' object is not subscriptable
[2026-06-10 18:54:11,004] ERROR in app: Exception on / [GET]
Traceback (most recent call last):
  File "/home/gvieira/GithubSofa/sofalao/venv/lib/python3.11/site-packages/flask/app.py", line 1511, in wsgi_app
    response = self.full_dispatch_request()
               ^^^^^^^^^^^^^^^^^^^^^^^^^^^^
  File "/home/gvieira/GithubSofa/sofalao/venv/lib/python3.11/site-packages/flask/app.py", line 919, in full_dispatch_request
    rv = self.handle_user_exception(e)
         ^^^^^^^^^^^^^^^^^^^^^^^^^^^^^
  File "/home/gvieira/GithubSofa/sofalao/venv/lib/python3.11/site-packages/flask/app.py", line 917, in full_dispatch_request
    rv = self.dispatch_request()
         ^^^^^^^^^^^^^^^^^^^^^^^
  File "/home/gvieira/GithubSofa/sofalao/venv/lib/python3.11/site-packages/flask/app.py", line 902, in dispatch_request
    return self.ensure_sync(self.view_functions[rule.endpoint])(**view_args)  # type: ignore[no-any-return]
           ^^^^^^^^^^^^^^^^^^^^^^^^^^^^^^^^^^^^^^^^^^^^^^^^^^^^^^^^^^^^^^^^^
  File "/home/gvieira/GithubSofa/sofalao/app.py", line 296, in wrapper
    return fn(*a, **kw)
           ^^^^^^^^^^^^
  File "/home/gvieira/GithubSofa/sofalao/app.py", line 433, in matches
    "SELECT * FROM predictions WHERE user_id=?", (user["id"],))}
                                                  ~~~~^^^^^^
TypeError: 'NoneType' object is not subscriptable
[2026-06-10 18:54:26 -0300] [304411] [INFO] Starting gunicorn 26.0.0
[2026-06-10 18:54:26 -0300] [304411] [INFO] Listening at: http://0.0.0.0:8040 (304411)
[2026-06-10 18:54:26 -0300] [304411] [INFO] Using worker: sync
[2026-06-10 18:54:26 -0300] [304460] [INFO] Booting worker with pid: 304460
[2026-06-10 18:54:26 -0300] [304462] [INFO] Booting worker with pid: 304462
[2026-06-10 18:54:26 -0300] [304466] [INFO] Booting worker with pid: 304466
[2026-06-10 18:54:26 -0300] [304411] [INFO] Control socket listening at /run/user/1000/gunicorn.ctl
[2026-06-10 18:54:27,280] ERROR in app: Exception on / [GET]
Traceback (most recent call last):
  File "/home/gvieira/GithubSofa/sofalao/venv/lib/python3.11/site-packages/flask/app.py", line 1511, in wsgi_app
    response = self.full_dispatch_request()
               ^^^^^^^^^^^^^^^^^^^^^^^^^^^^
  File "/home/gvieira/GithubSofa/sofalao/venv/lib/python3.11/site-packages/flask/app.py", line 919, in full_dispatch_request
    rv = self.handle_user_exception(e)
         ^^^^^^^^^^^^^^^^^^^^^^^^^^^^^
  File "/home/gvieira/GithubSofa/sofalao/venv/lib/python3.11/site-packages/flask/app.py", line 917, in full_dispatch_request
    rv = self.dispatch_request()
         ^^^^^^^^^^^^^^^^^^^^^^^
  File "/home/gvieira/GithubSofa/sofalao/venv/lib/python3.11/site-packages/flask/app.py", line 902, in dispatch_request
    return self.ensure_sync(self.view_functions[rule.endpoint])(**view_args)  # type: ignore[no-any-return]
           ^^^^^^^^^^^^^^^^^^^^^^^^^^^^^^^^^^^^^^^^^^^^^^^^^^^^^^^^^^^^^^^^^
  File "/home/gvieira/GithubSofa/sofalao/app.py", line 296, in wrapper
    return fn(*a, **kw)
           ^^^^^^^^^^^^
  File "/home/gvieira/GithubSofa/sofalao/app.py", line 433, in matches
    "SELECT * FROM predictions WHERE user_id=?", (user["id"],))}
                                                  ~~~~^^^^^^
TypeError: 'NoneType' object is not subscriptable
[2026-06-10 18:54:27,703] ERROR in app: Exception on / [GET]
Traceback (most recent call last):
  File "/home/gvieira/GithubSofa/sofalao/venv/lib/python3.11/site-packages/flask/app.py", line 1511, in wsgi_app
    response = self.full_dispatch_request()
               ^^^^^^^^^^^^^^^^^^^^^^^^^^^^
  File "/home/gvieira/GithubSofa/sofalao/venv/lib/python3.11/site-packages/flask/app.py", line 919, in full_dispatch_request
    rv = self.handle_user_exception(e)
         ^^^^^^^^^^^^^^^^^^^^^^^^^^^^^
  File "/home/gvieira/GithubSofa/sofalao/venv/lib/python3.11/site-packages/flask/app.py", line 917, in full_dispatch_request
    rv = self.dispatch_request()
         ^^^^^^^^^^^^^^^^^^^^^^^
  File "/home/gvieira/GithubSofa/sofalao/venv/lib/python3.11/site-packages/flask/app.py", line 902, in dispatch_request
    return self.ensure_sync(self.view_functions[rule.endpoint])(**view_args)  # type: ignore[no-any-return]
           ^^^^^^^^^^^^^^^^^^^^^^^^^^^^^^^^^^^^^^^^^^^^^^^^^^^^^^^^^^^^^^^^^
  File "/home/gvieira/GithubSofa/sofalao/app.py", line 296, in wrapper
    return fn(*a, **kw)
           ^^^^^^^^^^^^
  File "/home/gvieira/GithubSofa/sofalao/app.py", line 433, in matches
    "SELECT * FROM predictions WHERE user_id=?", (user["id"],))}
                                                  ~~~~^^^^^^
TypeError: 'NoneType' object is not subscriptable
[2026-06-10 18:54:27,942] ERROR in app: Exception on / [GET]
Traceback (most recent call last):
  File "/home/gvieira/GithubSofa/sofalao/venv/lib/python3.11/site-packages/flask/app.py", line 1511, in wsgi_app
    response = self.full_dispatch_request()
               ^^^^^^^^^^^^^^^^^^^^^^^^^^^^
  File "/home/gvieira/GithubSofa/sofalao/venv/lib/python3.11/site-packages/flask/app.py", line 919, in full_dispatch_request
    rv = self.handle_user_exception(e)
         ^^^^^^^^^^^^^^^^^^^^^^^^^^^^^
  File "/home/gvieira/GithubSofa/sofalao/venv/lib/python3.11/site-packages/flask/app.py", line 917, in full_dispatch_request
    rv = self.dispatch_request()
         ^^^^^^^^^^^^^^^^^^^^^^^
  File "/home/gvieira/GithubSofa/sofalao/venv/lib/python3.11/site-packages/flask/app.py", line 902, in dispatch_request
    return self.ensure_sync(self.view_functions[rule.endpoint])(**view_args)  # type: ignore[no-any-return]
           ^^^^^^^^^^^^^^^^^^^^^^^^^^^^^^^^^^^^^^^^^^^^^^^^^^^^^^^^^^^^^^^^^
  File "/home/gvieira/GithubSofa/sofalao/app.py", line 296, in wrapper
    return fn(*a, **kw)
           ^^^^^^^^^^^^
  File "/home/gvieira/GithubSofa/sofalao/app.py", line 433, in matches
    "SELECT * FROM predictions WHERE user_id=?", (user["id"],))}
                                                  ~~~~^^^^^^
TypeError: 'NoneType' object is not subscriptable
[2026-06-10 18:54:28,122] ERROR in app: Exception on / [GET]
Traceback (most recent call last):
  File "/home/gvieira/GithubSofa/sofalao/venv/lib/python3.11/site-packages/flask/app.py", line 1511, in wsgi_app
    response = self.full_dispatch_request()
               ^^^^^^^^^^^^^^^^^^^^^^^^^^^^
  File "/home/gvieira/GithubSofa/sofalao/venv/lib/python3.11/site-packages/flask/app.py", line 919, in full_dispatch_request
    rv = self.handle_user_exception(e)
         ^^^^^^^^^^^^^^^^^^^^^^^^^^^^^
  File "/home/gvieira/GithubSofa/sofalao/venv/lib/python3.11/site-packages/flask/app.py", line 917, in full_dispatch_request
    rv = self.dispatch_request()
         ^^^^^^^^^^^^^^^^^^^^^^^
  File "/home/gvieira/GithubSofa/sofalao/venv/lib/python3.11/site-packages/flask/app.py", line 902, in dispatch_request
    return self.ensure_sync(self.view_functions[rule.endpoint])(**view_args)  # type: ignore[no-any-return]
           ^^^^^^^^^^^^^^^^^^^^^^^^^^^^^^^^^^^^^^^^^^^^^^^^^^^^^^^^^^^^^^^^^
  File "/home/gvieira/GithubSofa/sofalao/app.py", line 296, in wrapper
    return fn(*a, **kw)
           ^^^^^^^^^^^^
  File "/home/gvieira/GithubSofa/sofalao/app.py", line 433, in matches
    "SELECT * FROM predictions WHERE user_id=?", (user["id"],))}
                                                  ~~~~^^^^^^
TypeError: 'NoneType' object is not subscriptable
[2026-06-10 18:54:28,259] ERROR in app: Exception on / [GET]
Traceback (most recent call last):
  File "/home/gvieira/GithubSofa/sofalao/venv/lib/python3.11/site-packages/flask/app.py", line 1511, in wsgi_app
    response = self.full_dispatch_request()
               ^^^^^^^^^^^^^^^^^^^^^^^^^^^^
  File "/home/gvieira/GithubSofa/sofalao/venv/lib/python3.11/site-packages/flask/app.py", line 919, in full_dispatch_request
    rv = self.handle_user_exception(e)
         ^^^^^^^^^^^^^^^^^^^^^^^^^^^^^
  File "/home/gvieira/GithubSofa/sofalao/venv/lib/python3.11/site-packages/flask/app.py", line 917, in full_dispatch_request
    rv = self.dispatch_request()
         ^^^^^^^^^^^^^^^^^^^^^^^
  File "/home/gvieira/GithubSofa/sofalao/venv/lib/python3.11/site-packages/flask/app.py", line 902, in dispatch_request
    return self.ensure_sync(self.view_functions[rule.endpoint])(**view_args)  # type: ignore[no-any-return]
           ^^^^^^^^^^^^^^^^^^^^^^^^^^^^^^^^^^^^^^^^^^^^^^^^^^^^^^^^^^^^^^^^^
  File "/home/gvieira/GithubSofa/sofalao/app.py", line 296, in wrapper
    return fn(*a, **kw)
           ^^^^^^^^^^^^
  File "/home/gvieira/GithubSofa/sofalao/app.py", line 433, in matches
    "SELECT * FROM predictions WHERE user_id=?", (user["id"],))}
                                                  ~~~~^^^^^^
TypeError: 'NoneType' object is not subscriptable
[2026-06-10 18:54:42,540] ERROR in app: Exception on / [GET]
Traceback (most recent call last):
  File "/home/gvieira/GithubSofa/sofalao/venv/lib/python3.11/site-packages/flask/app.py", line 1511, in wsgi_app
    response = self.full_dispatch_request()
               ^^^^^^^^^^^^^^^^^^^^^^^^^^^^
  File "/home/gvieira/GithubSofa/sofalao/venv/lib/python3.11/site-packages/flask/app.py", line 919, in full_dispatch_request
    rv = self.handle_user_exception(e)
         ^^^^^^^^^^^^^^^^^^^^^^^^^^^^^
  File "/home/gvieira/GithubSofa/sofalao/venv/lib/python3.11/site-packages/flask/app.py", line 917, in full_dispatch_request
    rv = self.dispatch_request()
         ^^^^^^^^^^^^^^^^^^^^^^^
  File "/home/gvieira/GithubSofa/sofalao/venv/lib/python3.11/site-packages/flask/app.py", line 902, in dispatch_request
    return self.ensure_sync(self.view_functions[rule.endpoint])(**view_args)  # type: ignore[no-any-return]
           ^^^^^^^^^^^^^^^^^^^^^^^^^^^^^^^^^^^^^^^^^^^^^^^^^^^^^^^^^^^^^^^^^
  File "/home/gvieira/GithubSofa/sofalao/app.py", line 296, in wrapper
    return fn(*a, **kw)
           ^^^^^^^^^^^^
  File "/home/gvieira/GithubSofa/sofalao/app.py", line 433, in matches
    "SELECT * FROM predictions WHERE user_id=?", (user["id"],))}
                                                  ~~~~^^^^^^
TypeError: 'NoneType' object is not subscriptable
[2026-06-10 18:54:46,797] ERROR in app: Exception on / [GET]
Traceback (most recent call last):
  File "/home/gvieira/GithubSofa/sofalao/venv/lib/python3.11/site-packages/flask/app.py", line 1511, in wsgi_app
    response = self.full_dispatch_request()
               ^^^^^^^^^^^^^^^^^^^^^^^^^^^^
  File "/home/gvieira/GithubSofa/sofalao/venv/lib/python3.11/site-packages/flask/app.py", line 919, in full_dispatch_request
    rv = self.handle_user_exception(e)
         ^^^^^^^^^^^^^^^^^^^^^^^^^^^^^
  File "/home/gvieira/GithubSofa/sofalao/venv/lib/python3.11/site-packages/flask/app.py", line 917, in full_dispatch_request
    rv = self.dispatch_request()
         ^^^^^^^^^^^^^^^^^^^^^^^
  File "/home/gvieira/GithubSofa/sofalao/venv/lib/python3.11/site-packages/flask/app.py", line 902, in dispatch_request
    return self.ensure_sync(self.view_functions[rule.endpoint])(**view_args)  # type: ignore[no-any-return]
           ^^^^^^^^^^^^^^^^^^^^^^^^^^^^^^^^^^^^^^^^^^^^^^^^^^^^^^^^^^^^^^^^^
  File "/home/gvieira/GithubSofa/sofalao/app.py", line 296, in wrapper
    return fn(*a, **kw)
           ^^^^^^^^^^^^
  File "/home/gvieira/GithubSofa/sofalao/app.py", line 433, in matches
    "SELECT * FROM predictions WHERE user_id=?", (user["id"],))}
                                                  ~~~~^^^^^^
TypeError: 'NoneType' object is not subscriptable
[2026-06-10 18:55:41 -0300] [305626] [INFO] Starting gunicorn 26.0.0
[2026-06-10 18:55:41 -0300] [305626] [INFO] Listening at: http://0.0.0.0:8040 (305626)
[2026-06-10 18:55:41 -0300] [305626] [INFO] Using worker: sync
[2026-06-10 18:55:41 -0300] [305691] [INFO] Booting worker with pid: 305691
[2026-06-10 18:55:42 -0300] [305696] [INFO] Booting worker with pid: 305696
[2026-06-10 18:55:42 -0300] [305697] [INFO] Booting worker with pid: 305697
[2026-06-10 18:55:42 -0300] [305626] [INFO] Control socket listening at /run/user/1000/gunicorn.ctl
[2026-06-10 18:59:06 -0300] [308129] [INFO] Starting gunicorn 26.0.0
[2026-06-10 18:59:06 -0300] [308129] [INFO] Listening at: http://0.0.0.0:8040 (308129)
[2026-06-10 18:59:06 -0300] [308129] [INFO] Using worker: sync
[2026-06-10 18:59:06 -0300] [308190] [INFO] Booting worker with pid: 308190
[2026-06-10 18:59:06 -0300] [308193] [INFO] Booting worker with pid: 308193
[2026-06-10 18:59:06 -0300] [308196] [INFO] Booting worker with pid: 308196
[2026-06-10 18:59:06 -0300] [308129] [INFO] Control socket listening at /run/user/1000/gunicorn.ctl
[2026-06-10 19:05:09 -0300] [312404] [INFO] Starting gunicorn 26.0.0
[2026-06-10 19:05:09 -0300] [312404] [INFO] Listening at: http://0.0.0.0:8040 (312404)
[2026-06-10 19:05:09 -0300] [312404] [INFO] Using worker: sync
[2026-06-10 19:05:09 -0300] [312487] [INFO] Booting worker with pid: 312487
[2026-06-10 19:05:09 -0300] [312492] [INFO] Booting worker with pid: 312492
[2026-06-10 19:05:09 -0300] [312493] [INFO] Booting worker with pid: 312493
[2026-06-10 19:05:09 -0300] [312404] [INFO] Control socket listening at /run/user/1000/gunicorn.ctl
[2026-06-10 19:07:36 -0300] [314268] [INFO] Starting gunicorn 26.0.0
[2026-06-10 19:07:36 -0300] [314268] [INFO] Listening at: http://0.0.0.0:8040 (314268)
[2026-06-10 19:07:36 -0300] [314268] [INFO] Using worker: sync
[2026-06-10 19:07:36 -0300] [314332] [INFO] Booting worker with pid: 314332
[2026-06-10 19:07:36 -0300] [314337] [INFO] Booting worker with pid: 314337
[2026-06-10 19:07:36 -0300] [314338] [INFO] Booting worker with pid: 314338
[2026-06-10 19:07:36 -0300] [314268] [INFO] Control socket listening at /run/user/1000/gunicorn.ctl
[2026-06-10 19:09:49 -0300] [315962] [INFO] Starting gunicorn 26.0.0
[2026-06-10 19:09:49 -0300] [315962] [INFO] Listening at: http://0.0.0.0:8040 (315962)
[2026-06-10 19:09:49 -0300] [315962] [INFO] Using worker: sync
[2026-06-10 19:09:49 -0300] [316014] [INFO] Booting worker with pid: 316014
[2026-06-10 19:09:49 -0300] [316019] [INFO] Booting worker with pid: 316019
[2026-06-10 19:09:49 -0300] [316020] [INFO] Booting worker with pid: 316020
[2026-06-10 19:09:49 -0300] [315962] [INFO] Control socket listening at /run/user/1000/gunicorn.ctl
[2026-06-10 19:23:20 -0300] [325085] [INFO] Starting gunicorn 26.0.0
[2026-06-10 19:23:20 -0300] [325085] [INFO] Listening at: http://0.0.0.0:8040 (325085)
[2026-06-10 19:23:20 -0300] [325085] [INFO] Using worker: sync
[2026-06-10 19:23:20 -0300] [325134] [INFO] Booting worker with pid: 325134
[2026-06-10 19:23:20 -0300] [325135] [INFO] Booting worker with pid: 325135
[2026-06-10 19:23:20 -0300] [325140] [INFO] Booting worker with pid: 325140
[2026-06-10 19:23:20 -0300] [325085] [INFO] Control socket listening at /run/user/1000/gunicorn.ctl
[2026-06-10 19:24:51 -0300] [326273] [INFO] Starting gunicorn 26.0.0
[2026-06-10 19:24:51 -0300] [326273] [INFO] Listening at: http://0.0.0.0:8040 (326273)
[2026-06-10 19:24:51 -0300] [326273] [INFO] Using worker: sync
[2026-06-10 19:24:51 -0300] [326324] [INFO] Booting worker with pid: 326324
[2026-06-10 19:24:51 -0300] [326329] [INFO] Booting worker with pid: 326329
[2026-06-10 19:24:51 -0300] [326330] [INFO] Booting worker with pid: 326330
[2026-06-10 19:24:51 -0300] [326273] [INFO] Control socket listening at /run/user/1000/gunicorn.ctl
[2026-06-10 19:38:52 -0300] [336082] [INFO] Starting gunicorn 26.0.0
[2026-06-10 19:38:52 -0300] [336082] [INFO] Listening at: http://0.0.0.0:8040 (336082)
[2026-06-10 19:38:52 -0300] [336082] [INFO] Using worker: sync
[2026-06-10 19:38:52 -0300] [336133] [INFO] Booting worker with pid: 336133
[2026-06-10 19:38:52 -0300] [336138] [INFO] Booting worker with pid: 336138
[2026-06-10 19:38:53 -0300] [336139] [INFO] Booting worker with pid: 336139
[2026-06-10 19:38:53 -0300] [336082] [INFO] Control socket listening at /run/user/1000/gunicorn.ctl
[2026-06-10 19:40:58 -0300] [337654] [INFO] Starting gunicorn 26.0.0
[2026-06-10 19:40:58 -0300] [337654] [INFO] Listening at: http://0.0.0.0:8040 (337654)
[2026-06-10 19:40:58 -0300] [337654] [INFO] Using worker: sync
[2026-06-10 19:40:58 -0300] [337714] [INFO] Booting worker with pid: 337714
[2026-06-10 19:40:58 -0300] [337715] [INFO] Booting worker with pid: 337715
[2026-06-10 19:40:58 -0300] [337716] [INFO] Booting worker with pid: 337716
[2026-06-10 19:40:58 -0300] [337654] [INFO] Control socket listening at /run/user/1000/gunicorn.ctl
[2026-06-10 19:43:10 -0300] [339389] [INFO] Starting gunicorn 26.0.0
[2026-06-10 19:43:10 -0300] [339389] [INFO] Listening at: http://0.0.0.0:8040 (339389)
[2026-06-10 19:43:10 -0300] [339389] [INFO] Using worker: sync
[2026-06-10 19:43:10 -0300] [339443] [INFO] Booting worker with pid: 339443
[2026-06-10 19:43:10 -0300] [339446] [INFO] Booting worker with pid: 339446
[2026-06-10 19:43:10 -0300] [339450] [INFO] Booting worker with pid: 339450
[2026-06-10 19:43:10 -0300] [339389] [INFO] Control socket listening at /run/user/1000/gunicorn.ctl
[2026-06-10 20:13:52 -0300] [339389] [INFO] Handling signal: term
[2026-06-10 20:13:52 -0300] [339446] [INFO] Worker exiting (pid: 339446)
[auto-sync] ativo a cada 30 min
[2026-06-10 20:13:52 -0300] [339443] [INFO] Worker exiting (pid: 339443)
[auto-sync] ativo a cada 30 min
[2026-06-10 20:13:52 -0300] [339450] [INFO] Worker exiting (pid: 339450)
[auto-sync] ativo a cada 30 min
[2026-06-10 20:13:52 -0300] [339389] [INFO] Worker (pid:339443) was sent SIGTERM!
[2026-06-10 20:13:52 -0300] [339389] [INFO] Worker (pid:339446) was sent SIGTERM!
[2026-06-10 20:13:52 -0300] [339389] [INFO] Worker (pid:339450) was sent SIGTERM!
[2026-06-10 20:13:52 -0300] [339389] [INFO] Shutting down: Master
[auto-sync] ativo a cada 30 min
